// Jest Snapshot v1, https://goo.gl/fbAQLP

exports[`unique.macro basic 1`] = `
"
const uniqueClass = 'css-1xp6fv5';"
`;

exports[`unique.macro custom prefix 1`] = `
"
const uniqueSomething = 'something-13atynq';"
`;

exports[`unique.macro with commonjs 1`] = `
"
const uniqueClass = 'css-12y3co1';"
`;
